........................................... [  3%]
............................................................................................................................. [ 12%]
........................................................................ [ 18%]
......................................................................................................................... [ 27%]
................................................................. [ 32%]
......................... [ 34%]
................ [ 36%]
................................................................... [ 41%]
.................................... [ 44%]
............................. [ 46%]
...................................................................................................................................... [ 56%]
............................................... [ 60%]
............................... [ 62%]
............................................................ [ 67%]
...................................................................... [ 72%]
........................................................... [ 77%]
................................. [ 79%]
............................................................................................................................................................................. [ 93%]
........................... [ 95%]
.................................... [ 98%]
.........................                               [100%]
=============================== warnings summary ===============================
tests/test_executor.py: 4 warnings
tests/test_optimizer.py: 46 warnings
  /usr/lib/python3.13/multiprocessing/popen_fork.py:73: DeprecationWarning: This process (pid=1444) is multi-threaded, use of fork() may lead to deadlocks in the child.
    self.pid = os.fork()

-- Docs: https://docs.pytest.org/en/stable/how-to/capture-warnings.html
1294 passed, 50 warnings, 20276 subtests passed in 261.71s (0:04:21)
mapped 1294 tests over 3144 functions at e7aa310df in 263s
