{"commit": "acd619887", "subject": "Skip symlink tests when the platform forbids creating one (#5390)", "run_all": null, "tests": 166, "seconds": 5.37, "file_level_tests": 166, "file_level_seconds": 5.37, "full_seconds": 70.06, "uncovered": [], "mutants": []}
<unknown>:163: SyntaxWarning: invalid escape sequence '\ '
<unknown>:169: SyntaxWarning: invalid escape sequence '\ '
<unknown>:174: SyntaxWarning: invalid escape sequence '\ '
<unknown>:179: SyntaxWarning: invalid escape sequence '\ '
<unknown>:226: SyntaxWarning: invalid escape sequence '\ '
<unknown>:391: SyntaxWarning: invalid escape sequence '\ '
<unknown>:397: SyntaxWarning: invalid escape sequence '\ '
<unknown>:402: SyntaxWarning: invalid escape sequence '\ '
<unknown>:408: SyntaxWarning: invalid escape sequence '\ '
<unknown>:455: SyntaxWarning: invalid escape sequence '\ '
<unknown>:108: SyntaxWarning: invalid escape sequence '\ '
<unknown>:114: SyntaxWarning: invalid escape sequence '\ '
<unknown>:119: SyntaxWarning: invalid escape sequence '\ '
<unknown>:234: SyntaxWarning: invalid escape sequence '\ '
<unknown>:240: SyntaxWarning: invalid escape sequence '\ '
<unknown>:245: SyntaxWarning: invalid escape sequence '\ '
<unknown>:134: SyntaxWarning: invalid escape sequence '\{'
<unknown>:135: SyntaxWarning: invalid escape sequence '\{'
<unknown>:135: SyntaxWarning: invalid escape sequence '\}'
<unknown>:136: SyntaxWarning: invalid escape sequence '\{'
<unknown>:273: SyntaxWarning: invalid escape sequence '\{'
<unknown>:274: SyntaxWarning: invalid escape sequence '\{'
<unknown>:274: SyntaxWarning: invalid escape sequence '\}'
<unknown>:275: SyntaxWarning: invalid escape sequence '\{'
{"commit": "d2291c387", "subject": "Preserve prefixes outside --line-ranges (#5175)", "run_all": "module-level change in tests/data/cases/line_ranges_preserve_outside_prefix.py, and no recorded test ran code that uses it", "tests": 558, "seconds": 70.06, "file_level_tests": 558, "file_level_seconds": 70.0591, "full_seconds": 70.06, "uncovered": ["src/black/__init__.py::_restore_unselected_trailing_blank_lines"], "mutants": [{"file": "src/black/linegen.py", "line": 153, "bug": "comparison flipped to !=", "verdict": "caught by picked tests", "first_failure_s": 7.43}, {"file": "src/black/__init__.py", "line": 1284, "bug": "boolean flipped", "verdict": "caught by picked tests", "first_failure_s": 7.53}, {"file": "src/black/__init__.py", "line": 1296, "bug": "returns None", "verdict": "caught by picked tests", "first_failure_s": 7.56}]}
{"commit": "115caae27", "subject": "Bump docker/build-push-action from 7.3.0 to 7.4.0 (#5413)", "run_all": null, "tests": 0, "seconds": 0, "file_level_tests": 0, "file_level_seconds": 0, "full_seconds": 70.06, "uncovered": [], "mutants": []}
{"commit": "21dca43c7", "subject": "Bump docker/setup-buildx-action from 4.3.0 to 4.4.1 (#5415)", "run_all": null, "tests": 0, "seconds": 0, "file_level_tests": 0, "file_level_seconds": 0, "full_seconds": 70.06, "uncovered": [], "mutants": []}
{"commit": "5bfefcb15", "subject": "docs: fix grammar in double-quote rationale (a one -> a single) (#5392)", "run_all": null, "tests": 0, "seconds": 0, "file_level_tests": 0, "file_level_seconds": 0, "full_seconds": 70.06, "uncovered": [], "mutants": []}
{"commit": "1e28c83d5", "subject": "Avoid looking at __class__.__name__ in run_transformer (#2432) (#5396)", "run_all": null, "tests": 337, "seconds": 66.23, "file_level_tests": 344, "file_level_seconds": 66.25, "full_seconds": 70.06, "uncovered": ["src/black/linegen.py::right_hand_split_with_omits"], "mutants": [{"file": "src/black/linegen.py", "line": 1013, "bug": "and/or swapped", "verdict": "caught by picked tests", "first_failure_s": 1.86}, {"file": "src/black/linegen.py", "line": 2323, "bug": "comparison flipped to is", "verdict": "caught by picked tests", "first_failure_s": 1.58}, {"file": "src/black/linegen.py", "line": 1012, "bug": "number changed", "verdict": "caught by picked tests", "first_failure_s": 1.63}]}
<unknown>:163: SyntaxWarning: invalid escape sequence '\ '
<unknown>:169: SyntaxWarning: invalid escape sequence '\ '
<unknown>:174: SyntaxWarning: invalid escape sequence '\ '
<unknown>:179: SyntaxWarning: invalid escape sequence '\ '
<unknown>:226: SyntaxWarning: invalid escape sequence '\ '
<unknown>:391: SyntaxWarning: invalid escape sequence '\ '
<unknown>:397: SyntaxWarning: invalid escape sequence '\ '
<unknown>:402: SyntaxWarning: invalid escape sequence '\ '
<unknown>:408: SyntaxWarning: invalid escape sequence '\ '
<unknown>:455: SyntaxWarning: invalid escape sequence '\ '
<unknown>:108: SyntaxWarning: invalid escape sequence '\ '
<unknown>:114: SyntaxWarning: invalid escape sequence '\ '
<unknown>:119: SyntaxWarning: invalid escape sequence '\ '
<unknown>:234: SyntaxWarning: invalid escape sequence '\ '
<unknown>:240: SyntaxWarning: invalid escape sequence '\ '
<unknown>:245: SyntaxWarning: invalid escape sequence '\ '
<unknown>:134: SyntaxWarning: invalid escape sequence '\{'
<unknown>:135: SyntaxWarning: invalid escape sequence '\{'
<unknown>:135: SyntaxWarning: invalid escape sequence '\}'
<unknown>:136: SyntaxWarning: invalid escape sequence '\{'
<unknown>:273: SyntaxWarning: invalid escape sequence '\{'
<unknown>:274: SyntaxWarning: invalid escape sequence '\{'
<unknown>:274: SyntaxWarning: invalid escape sequence '\}'
<unknown>:275: SyntaxWarning: invalid escape sequence '\{'
{"commit": "debb3169c", "subject": "Initialize bracket_depth in Leaf and preserve it in clone (#5214) (#5414)", "run_all": "module-level change in tests/data/cases/fmtskip_leaf_bracket_depth.py, and no recorded test ran code that uses it", "tests": 558, "seconds": 70.06, "file_level_tests": 558, "file_level_seconds": 70.0591, "full_seconds": 70.06, "uncovered": [], "mutants": [{"file": "src/blib2to3/pytree.py", "line": 504, "bug": "number changed", "verdict": "no test catches it"}, {"file": "src/blib2to3/pytree.py", "line": 476, "bug": "number changed", "verdict": "no test catches it"}]}
<unknown>:163: SyntaxWarning: invalid escape sequence '\ '
<unknown>:169: SyntaxWarning: invalid escape sequence '\ '
<unknown>:174: SyntaxWarning: invalid escape sequence '\ '
<unknown>:179: SyntaxWarning: invalid escape sequence '\ '
<unknown>:226: SyntaxWarning: invalid escape sequence '\ '
<unknown>:391: SyntaxWarning: invalid escape sequence '\ '
<unknown>:397: SyntaxWarning: invalid escape sequence '\ '
<unknown>:402: SyntaxWarning: invalid escape sequence '\ '
<unknown>:408: SyntaxWarning: invalid escape sequence '\ '
<unknown>:455: SyntaxWarning: invalid escape sequence '\ '
<unknown>:108: SyntaxWarning: invalid escape sequence '\ '
<unknown>:114: SyntaxWarning: invalid escape sequence '\ '
<unknown>:119: SyntaxWarning: invalid escape sequence '\ '
<unknown>:234: SyntaxWarning: invalid escape sequence '\ '
<unknown>:240: SyntaxWarning: invalid escape sequence '\ '
<unknown>:245: SyntaxWarning: invalid escape sequence '\ '
<unknown>:134: SyntaxWarning: invalid escape sequence '\{'
<unknown>:135: SyntaxWarning: invalid escape sequence '\{'
<unknown>:135: SyntaxWarning: invalid escape sequence '\}'
<unknown>:136: SyntaxWarning: invalid escape sequence '\{'
<unknown>:273: SyntaxWarning: invalid escape sequence '\{'
<unknown>:274: SyntaxWarning: invalid escape sequence '\{'
<unknown>:274: SyntaxWarning: invalid escape sequence '\}'
<unknown>:275: SyntaxWarning: invalid escape sequence '\{'
{"commit": "da22d4390", "subject": "Don't require sys.stdout.buffer when writing formatted output or diffs (#5411)", "run_all": null, "tests": 173, "seconds": 5.41, "file_level_tests": 470, "file_level_seconds": 67.13, "full_seconds": 70.06, "uncovered": ["src/black/__init__.py::_write_to_stdout"], "mutants": [{"file": "src/black/__init__.py", "line": 1101, "bug": "string changed", "verdict": "caught by picked tests", "first_failure_s": 5.99}, {"file": "src/black/__init__.py", "line": 1030, "bug": "boolean flipped", "verdict": "no test catches it"}, {"file": "src/black/files.py", "line": 418, "bug": "string changed", "verdict": "no test catches it"}]}
{"commit": "62bcae648", "subject": "[pre-commit.ci] pre-commit autoupdate (#5423)", "run_all": null, "tests": 0, "seconds": 0, "file_level_tests": 0, "file_level_seconds": 0, "full_seconds": 70.06, "uncovered": [], "mutants": []}
<unknown>:163: SyntaxWarning: invalid escape sequence '\ '
<unknown>:169: SyntaxWarning: invalid escape sequence '\ '
<unknown>:174: SyntaxWarning: invalid escape sequence '\ '
<unknown>:179: SyntaxWarning: invalid escape sequence '\ '
<unknown>:226: SyntaxWarning: invalid escape sequence '\ '
<unknown>:391: SyntaxWarning: invalid escape sequence '\ '
<unknown>:397: SyntaxWarning: invalid escape sequence '\ '
<unknown>:402: SyntaxWarning: invalid escape sequence '\ '
<unknown>:408: SyntaxWarning: invalid escape sequence '\ '
<unknown>:455: SyntaxWarning: invalid escape sequence '\ '
<unknown>:108: SyntaxWarning: invalid escape sequence '\ '
<unknown>:114: SyntaxWarning: invalid escape sequence '\ '
<unknown>:119: SyntaxWarning: invalid escape sequence '\ '
<unknown>:234: SyntaxWarning: invalid escape sequence '\ '
<unknown>:240: SyntaxWarning: invalid escape sequence '\ '
<unknown>:245: SyntaxWarning: invalid escape sequence '\ '
<unknown>:134: SyntaxWarning: invalid escape sequence '\{'
<unknown>:135: SyntaxWarning: invalid escape sequence '\{'
<unknown>:135: SyntaxWarning: invalid escape sequence '\}'
<unknown>:136: SyntaxWarning: invalid escape sequence '\{'
<unknown>:273: SyntaxWarning: invalid escape sequence '\{'
<unknown>:274: SyntaxWarning: invalid escape sequence '\{'
<unknown>:274: SyntaxWarning: invalid escape sequence '\}'
<unknown>:275: SyntaxWarning: invalid escape sequence '\{'
{"commit": "6aaae16d2", "subject": "Fix unparseable output for `# fmt: skip` on compound header bracket (#5402) (#5405)", "run_all": "module-level change in tests/data/cases/fmtskip_header_bracket_5402.py, and no recorded test ran code that uses it", "tests": 558, "seconds": 70.06, "file_level_tests": 558, "file_level_seconds": 70.0591, "full_seconds": 70.06, "uncovered": ["tests/data/cases/fmtskip_header_bracket_5402.py::test_async"], "mutants": [{"file": "src/black/linegen.py", "line": 1628, "bug": "and/or swapped", "verdict": "caught by picked tests", "first_failure_s": 7.52}, {"file": "src/black/linegen.py", "line": 1631, "bug": "comparison flipped to !=", "verdict": "caught by picked tests", "first_failure_s": 7.45}]}
<unknown>:163: SyntaxWarning: invalid escape sequence '\ '
<unknown>:169: SyntaxWarning: invalid escape sequence '\ '
<unknown>:174: SyntaxWarning: invalid escape sequence '\ '
<unknown>:179: SyntaxWarning: invalid escape sequence '\ '
<unknown>:226: SyntaxWarning: invalid escape sequence '\ '
<unknown>:391: SyntaxWarning: invalid escape sequence '\ '
<unknown>:397: SyntaxWarning: invalid escape sequence '\ '
<unknown>:402: SyntaxWarning: invalid escape sequence '\ '
<unknown>:408: SyntaxWarning: invalid escape sequence '\ '
<unknown>:455: SyntaxWarning: invalid escape sequence '\ '
<unknown>:108: SyntaxWarning: invalid escape sequence '\ '
<unknown>:114: SyntaxWarning: invalid escape sequence '\ '
<unknown>:119: SyntaxWarning: invalid escape sequence '\ '
<unknown>:234: SyntaxWarning: invalid escape sequence '\ '
<unknown>:240: SyntaxWarning: invalid escape sequence '\ '
<unknown>:245: SyntaxWarning: invalid escape sequence '\ '
<unknown>:134: SyntaxWarning: invalid escape sequence '\{'
<unknown>:135: SyntaxWarning: invalid escape sequence '\{'
<unknown>:135: SyntaxWarning: invalid escape sequence '\}'
<unknown>:136: SyntaxWarning: invalid escape sequence '\{'
<unknown>:273: SyntaxWarning: invalid escape sequence '\{'
<unknown>:274: SyntaxWarning: invalid escape sequence '\{'
<unknown>:274: SyntaxWarning: invalid escape sequence '\}'
<unknown>:275: SyntaxWarning: invalid escape sequence '\{'
{"commit": "64631f662", "subject": "Normalize uppercase t-string prefixes in preview mode (#5425)", "run_all": null, "tests": 507, "seconds": 70.0, "file_level_tests": 369, "file_level_seconds": 66.62, "full_seconds": 70.06, "uncovered": [], "mutants": [{"file": "src/black/strings.py", "line": 158, "bug": "comparison flipped to not in", "verdict": "caught by picked tests", "first_failure_s": 7.13}, {"file": "src/black/strings.py", "line": 159, "bug": "string changed", "verdict": "caught by picked tests", "first_failure_s": 7.38}]}
{"commit": "b5b1eb6f6", "subject": "Support version specifiers in `tool.black.required-version` for GitHub Action (fixes #4406) (#5399)", "run_all": null, "tests": 0, "seconds": 0, "file_level_tests": 0, "file_level_seconds": 0, "full_seconds": 70.06, "uncovered": ["action/main.py::read_version_specifier_from_pyproject"], "mutants": []}
<unknown>:163: SyntaxWarning: invalid escape sequence '\ '
<unknown>:169: SyntaxWarning: invalid escape sequence '\ '
<unknown>:174: SyntaxWarning: invalid escape sequence '\ '
<unknown>:179: SyntaxWarning: invalid escape sequence '\ '
<unknown>:226: SyntaxWarning: invalid escape sequence '\ '
<unknown>:391: SyntaxWarning: invalid escape sequence '\ '
<unknown>:397: SyntaxWarning: invalid escape sequence '\ '
<unknown>:402: SyntaxWarning: invalid escape sequence '\ '
<unknown>:408: SyntaxWarning: invalid escape sequence '\ '
<unknown>:455: SyntaxWarning: invalid escape sequence '\ '
<unknown>:108: SyntaxWarning: invalid escape sequence '\ '
<unknown>:114: SyntaxWarning: invalid escape sequence '\ '
<unknown>:119: SyntaxWarning: invalid escape sequence '\ '
<unknown>:234: SyntaxWarning: invalid escape sequence '\ '
<unknown>:240: SyntaxWarning: invalid escape sequence '\ '
<unknown>:245: SyntaxWarning: invalid escape sequence '\ '
<unknown>:134: SyntaxWarning: invalid escape sequence '\{'
<unknown>:135: SyntaxWarning: invalid escape sequence '\{'
<unknown>:135: SyntaxWarning: invalid escape sequence '\}'
<unknown>:136: SyntaxWarning: invalid escape sequence '\{'
<unknown>:273: SyntaxWarning: invalid escape sequence '\{'
<unknown>:274: SyntaxWarning: invalid escape sequence '\{'
<unknown>:274: SyntaxWarning: invalid escape sequence '\}'
<unknown>:275: SyntaxWarning: invalid escape sequence '\{'
{"commit": "0b50123ab", "subject": "Format a call whose sole argument is a parenthesized generator under --preview (#5369)", "run_all": null, "tests": 215, "seconds": 62.77, "file_level_tests": 344, "file_level_seconds": 66.25, "full_seconds": 70.06, "uncovered": [], "mutants": [{"file": "src/black/linegen.py", "line": 403, "bug": "number changed", "verdict": "caught by picked tests", "first_failure_s": 6.47}, {"file": "src/black/linegen.py", "line": 402, "bug": "number changed", "verdict": "caught by picked tests", "first_failure_s": 6.56}]}
<unknown>:163: SyntaxWarning: invalid escape sequence '\ '
<unknown>:169: SyntaxWarning: invalid escape sequence '\ '
<unknown>:174: SyntaxWarning: invalid escape sequence '\ '
<unknown>:179: SyntaxWarning: invalid escape sequence '\ '
<unknown>:226: SyntaxWarning: invalid escape sequence '\ '
<unknown>:391: SyntaxWarning: invalid escape sequence '\ '
<unknown>:397: SyntaxWarning: invalid escape sequence '\ '
<unknown>:402: SyntaxWarning: invalid escape sequence '\ '
<unknown>:408: SyntaxWarning: invalid escape sequence '\ '
<unknown>:455: SyntaxWarning: invalid escape sequence '\ '
<unknown>:108: SyntaxWarning: invalid escape sequence '\ '
<unknown>:114: SyntaxWarning: invalid escape sequence '\ '
<unknown>:119: SyntaxWarning: invalid escape sequence '\ '
<unknown>:234: SyntaxWarning: invalid escape sequence '\ '
<unknown>:240: SyntaxWarning: invalid escape sequence '\ '
<unknown>:245: SyntaxWarning: invalid escape sequence '\ '
<unknown>:134: SyntaxWarning: invalid escape sequence '\{'
<unknown>:135: SyntaxWarning: invalid escape sequence '\{'
<unknown>:135: SyntaxWarning: invalid escape sequence '\}'
<unknown>:136: SyntaxWarning: invalid escape sequence '\{'
<unknown>:273: SyntaxWarning: invalid escape sequence '\{'
<unknown>:274: SyntaxWarning: invalid escape sequence '\{'
<unknown>:274: SyntaxWarning: invalid escape sequence '\}'
<unknown>:275: SyntaxWarning: invalid escape sequence '\{'
{"commit": "2b96e2806", "subject": "Keep a trailing comment on optional parentheses that contain own-line comments (#5395)", "run_all": "module-level change in tests/data/cases/trailing_comment_after_optional_parens.py, and no recorded test ran code that uses it", "tests": 558, "seconds": 70.06, "file_level_tests": 558, "file_level_seconds": 70.0591, "full_seconds": 70.06, "uncovered": ["tests/data/cases/trailing_comment_after_optional_parens.py::f"], "mutants": [{"file": "src/black/lines.py", "line": 427, "bug": "comparison flipped to <", "verdict": "caught by picked tests", "first_failure_s": 7.46}, {"file": "src/black/lines.py", "line": 428, "bug": "number changed", "verdict": "caught by picked tests", "first_failure_s": 20.0}]}
{"commit": "b30c97e31", "subject": "Return HTTP 400 for an empty `X-Python-Variant` entry in blackd (#5428)", "run_all": null, "tests": 35, "seconds": 2.86, "file_level_tests": 35, "file_level_seconds": 2.86, "full_seconds": 70.06, "uncovered": [], "mutants": [{"file": "src/blackd/__init__.py", "line": 306, "bug": "string changed", "verdict": "no test catches it"}]}
<unknown>:163: SyntaxWarning: invalid escape sequence '\ '
<unknown>:169: SyntaxWarning: invalid escape sequence '\ '
<unknown>:174: SyntaxWarning: invalid escape sequence '\ '
<unknown>:179: SyntaxWarning: invalid escape sequence '\ '
<unknown>:226: SyntaxWarning: invalid escape sequence '\ '
<unknown>:391: SyntaxWarning: invalid escape sequence '\ '
<unknown>:397: SyntaxWarning: invalid escape sequence '\ '
<unknown>:402: SyntaxWarning: invalid escape sequence '\ '
<unknown>:408: SyntaxWarning: invalid escape sequence '\ '
<unknown>:455: SyntaxWarning: invalid escape sequence '\ '
<unknown>:108: SyntaxWarning: invalid escape sequence '\ '
<unknown>:114: SyntaxWarning: invalid escape sequence '\ '
<unknown>:119: SyntaxWarning: invalid escape sequence '\ '
<unknown>:234: SyntaxWarning: invalid escape sequence '\ '
<unknown>:240: SyntaxWarning: invalid escape sequence '\ '
<unknown>:245: SyntaxWarning: invalid escape sequence '\ '
<unknown>:134: SyntaxWarning: invalid escape sequence '\{'
<unknown>:135: SyntaxWarning: invalid escape sequence '\{'
<unknown>:135: SyntaxWarning: invalid escape sequence '\}'
<unknown>:136: SyntaxWarning: invalid escape sequence '\{'
<unknown>:273: SyntaxWarning: invalid escape sequence '\{'
<unknown>:274: SyntaxWarning: invalid escape sequence '\{'
<unknown>:274: SyntaxWarning: invalid escape sequence '\}'
<unknown>:275: SyntaxWarning: invalid escape sequence '\{'
{"commit": "61cafcb87", "subject": "Remove unnecessary parentheses in unpacking targets (#3080) (#5416)", "run_all": "module-level change in tests/data/cases/preview_unpacking_parens.py, and no recorded test ran code that uses it", "tests": 558, "seconds": 70.06, "file_level_tests": 558, "file_level_seconds": 70.0591, "full_seconds": 70.06, "uncovered": ["src/black/linegen.py::_normalize_unpacking_targets"], "mutants": [{"file": "src/black/linegen.py", "line": 1741, "bug": "number changed", "verdict": "caught by picked tests", "first_failure_s": 7.65}, {"file": "src/black/linegen.py", "line": 1739, "bug": "number changed", "verdict": "no test catches it"}, {"file": "src/black/linegen.py", "line": 1756, "bug": "number changed", "verdict": "caught by picked tests", "first_failure_s": 7.68}]}
<unknown>:163: SyntaxWarning: invalid escape sequence '\ '
<unknown>:169: SyntaxWarning: invalid escape sequence '\ '
<unknown>:174: SyntaxWarning: invalid escape sequence '\ '
<unknown>:179: SyntaxWarning: invalid escape sequence '\ '
<unknown>:226: SyntaxWarning: invalid escape sequence '\ '
<unknown>:391: SyntaxWarning: invalid escape sequence '\ '
<unknown>:397: SyntaxWarning: invalid escape sequence '\ '
<unknown>:402: SyntaxWarning: invalid escape sequence '\ '
<unknown>:408: SyntaxWarning: invalid escape sequence '\ '
<unknown>:455: SyntaxWarning: invalid escape sequence '\ '
<unknown>:108: SyntaxWarning: invalid escape sequence '\ '
<unknown>:114: SyntaxWarning: invalid escape sequence '\ '
<unknown>:119: SyntaxWarning: invalid escape sequence '\ '
<unknown>:234: SyntaxWarning: invalid escape sequence '\ '
<unknown>:240: SyntaxWarning: invalid escape sequence '\ '
<unknown>:245: SyntaxWarning: invalid escape sequence '\ '
<unknown>:134: SyntaxWarning: invalid escape sequence '\{'
<unknown>:135: SyntaxWarning: invalid escape sequence '\{'
<unknown>:135: SyntaxWarning: invalid escape sequence '\}'
<unknown>:136: SyntaxWarning: invalid escape sequence '\{'
<unknown>:273: SyntaxWarning: invalid escape sequence '\{'
<unknown>:274: SyntaxWarning: invalid escape sequence '\{'
<unknown>:274: SyntaxWarning: invalid escape sequence '\}'
<unknown>:275: SyntaxWarning: invalid escape sequence '\{'
{"commit": "9f9c675f2", "subject": "Fix a crash when `# type: ignore` is lost during formatting (#5329)", "run_all": null, "tests": 5, "seconds": 4.8, "file_level_tests": 330, "file_level_seconds": 66.17, "full_seconds": 70.06, "uncovered": [], "mutants": [{"file": "src/black/trans.py", "line": 2386, "bug": "comparison flipped to is", "verdict": "caught by picked tests", "first_failure_s": 3.18}, {"file": "src/black/trans.py", "line": 2388, "bug": "boolean flipped", "verdict": "no test catches it"}]}
{"commit": "601c629e1", "subject": "Fix unclosed file handles in Converter.parse_graminit_h/_c (#5432)", "run_all": null, "tests": 0, "seconds": 0, "file_level_tests": 0, "file_level_seconds": 0, "full_seconds": 70.06, "uncovered": ["src/blib2to3/pgen2/conv.py::Converter.parse_graminit_c", "src/blib2to3/pgen2/conv.py::Converter.parse_graminit_h"], "mutants": []}
<unknown>:163: SyntaxWarning: invalid escape sequence '\ '
<unknown>:169: SyntaxWarning: invalid escape sequence '\ '
<unknown>:174: SyntaxWarning: invalid escape sequence '\ '
<unknown>:179: SyntaxWarning: invalid escape sequence '\ '
<unknown>:226: SyntaxWarning: invalid escape sequence '\ '
<unknown>:391: SyntaxWarning: invalid escape sequence '\ '
<unknown>:397: SyntaxWarning: invalid escape sequence '\ '
<unknown>:402: SyntaxWarning: invalid escape sequence '\ '
<unknown>:408: SyntaxWarning: invalid escape sequence '\ '
<unknown>:455: SyntaxWarning: invalid escape sequence '\ '
<unknown>:108: SyntaxWarning: invalid escape sequence '\ '
<unknown>:114: SyntaxWarning: invalid escape sequence '\ '
<unknown>:119: SyntaxWarning: invalid escape sequence '\ '
<unknown>:234: SyntaxWarning: invalid escape sequence '\ '
<unknown>:240: SyntaxWarning: invalid escape sequence '\ '
<unknown>:245: SyntaxWarning: invalid escape sequence '\ '
<unknown>:134: SyntaxWarning: invalid escape sequence '\{'
<unknown>:135: SyntaxWarning: invalid escape sequence '\{'
<unknown>:135: SyntaxWarning: invalid escape sequence '\}'
<unknown>:136: SyntaxWarning: invalid escape sequence '\{'
<unknown>:273: SyntaxWarning: invalid escape sequence '\{'
<unknown>:274: SyntaxWarning: invalid escape sequence '\{'
<unknown>:274: SyntaxWarning: invalid escape sequence '\}'
<unknown>:275: SyntaxWarning: invalid escape sequence '\{'
{"commit": "5f4516d26", "subject": "Fix crash on `# fmt: skip` in a decorated function group in stubs (#5430)", "run_all": "module-level change in tests/data/cases/pyi_overload_groups_fmt_skip.py, and no recorded test ran code that uses it", "tests": 558, "seconds": 70.06, "file_level_tests": 558, "file_level_seconds": 70.0591, "full_seconds": 70.06, "uncovered": ["tests/data/cases/pyi_overload_groups_fmt_skip.py::C.m", "tests/data/cases/pyi_overload_groups_fmt_skip.py::C.x", "tests/data/cases/pyi_overload_groups_fmt_skip.py::f", "tests/data/cases/pyi_overload_groups_fmt_skip.py::g"], "mutants": [{"file": "src/black/lines.py", "line": 609, "bug": "comparison flipped to >=", "verdict": "caught by picked tests", "first_failure_s": 8.31}, {"file": "src/black/lines.py", "line": 610, "bug": "returns None", "verdict": "no test catches it"}]}
<unknown>:163: SyntaxWarning: invalid escape sequence '\ '
<unknown>:169: SyntaxWarning: invalid escape sequence '\ '
<unknown>:174: SyntaxWarning: invalid escape sequence '\ '
<unknown>:179: SyntaxWarning: invalid escape sequence '\ '
<unknown>:226: SyntaxWarning: invalid escape sequence '\ '
<unknown>:391: SyntaxWarning: invalid escape sequence '\ '
<unknown>:397: SyntaxWarning: invalid escape sequence '\ '
<unknown>:402: SyntaxWarning: invalid escape sequence '\ '
<unknown>:408: SyntaxWarning: invalid escape sequence '\ '
<unknown>:455: SyntaxWarning: invalid escape sequence '\ '
<unknown>:108: SyntaxWarning: invalid escape sequence '\ '
<unknown>:114: SyntaxWarning: invalid escape sequence '\ '
<unknown>:119: SyntaxWarning: invalid escape sequence '\ '
<unknown>:234: SyntaxWarning: invalid escape sequence '\ '
<unknown>:240: SyntaxWarning: invalid escape sequence '\ '
<unknown>:245: SyntaxWarning: invalid escape sequence '\ '
<unknown>:134: SyntaxWarning: invalid escape sequence '\{'
<unknown>:135: SyntaxWarning: invalid escape sequence '\{'
<unknown>:135: SyntaxWarning: invalid escape sequence '\}'
<unknown>:136: SyntaxWarning: invalid escape sequence '\{'
<unknown>:273: SyntaxWarning: invalid escape sequence '\{'
<unknown>:274: SyntaxWarning: invalid escape sequence '\{'
<unknown>:274: SyntaxWarning: invalid escape sequence '\}'
<unknown>:275: SyntaxWarning: invalid escape sequence '\{'
{"commit": "42047e102", "subject": "Fix splitting stringified return annotations with parameters (#5427)", "run_all": null, "tests": 345, "seconds": 66.25, "file_level_tests": 345, "file_level_seconds": 66.25, "full_seconds": 70.06, "uncovered": ["src/black/trans.py::StringParenWrapper._return_annotation_match", "tests/data/cases/preview_return_annotation_brackets_string.py::with_fmt_skip", "tests/data/cases/preview_return_annotation_brackets_string.py::with_type_ignore", "tests/data/cases/preview_return_annotation_brackets_string.py::with_unsplittable_string"], "mutants": [{"file": "src/black/linegen.py", "line": 914, "bug": "comparison flipped to is", "verdict": "caught by picked tests", "first_failure_s": 2.47}, {"file": "src/black/trans.py", "line": 2104, "bug": "number changed", "verdict": "caught by picked tests", "first_failure_s": 7.42}, {"file": "src/black/trans.py", "line": 2117, "bug": "returns None", "verdict": "no test catches it"}]}
{"commit": "7453ad9e1", "subject": "Preserve type ignores in attribute chains (#5297)", "run_all": null, "tests": 337, "seconds": 66.23, "file_level_tests": 344, "file_level_seconds": 66.25, "full_seconds": 70.06, "uncovered": ["src/black/linegen.py::type_ignore_comment_split", "src/black/lines.py::Line.contains_multiple_type_ignores_at_current_depth", "tests/data/cases/type_ignore_attribute_chain.py::_get_light_style", "tests/data/cases/type_ignore_attribute_chain_unstable.py::_get_light_style"], "mutants": [{"file": "src/black/linegen.py", "line": 1651, "bug": "boolean flipped", "verdict": "no test catches it"}, {"file": "src/black/lines.py", "line": 319, "bug": "number changed", "verdict": "caught by picked tests", "first_failure_s": 5.31}, {"file": "src/black/linegen.py", "line": 1643, "bug": "comparison flipped to !=", "verdict": "no test catches it"}]}
{"commit": "a48e6f3e0", "subject": "Fix git checkout command for Vundle in editor docs (#2781) (#5398)", "run_all": null, "tests": 0, "seconds": 0, "file_level_tests": 0, "file_level_seconds": 0, "full_seconds": 70.06, "uncovered": [], "mutants": []}
<unknown>:163: SyntaxWarning: invalid escape sequence '\ '
<unknown>:169: SyntaxWarning: invalid escape sequence '\ '
<unknown>:174: SyntaxWarning: invalid escape sequence '\ '
<unknown>:179: SyntaxWarning: invalid escape sequence '\ '
<unknown>:226: SyntaxWarning: invalid escape sequence '\ '
<unknown>:391: SyntaxWarning: invalid escape sequence '\ '
<unknown>:397: SyntaxWarning: invalid escape sequence '\ '
<unknown>:402: SyntaxWarning: invalid escape sequence '\ '
<unknown>:408: SyntaxWarning: invalid escape sequence '\ '
<unknown>:455: SyntaxWarning: invalid escape sequence '\ '
<unknown>:108: SyntaxWarning: invalid escape sequence '\ '
<unknown>:114: SyntaxWarning: invalid escape sequence '\ '
<unknown>:119: SyntaxWarning: invalid escape sequence '\ '
<unknown>:234: SyntaxWarning: invalid escape sequence '\ '
<unknown>:240: SyntaxWarning: invalid escape sequence '\ '
<unknown>:245: SyntaxWarning: invalid escape sequence '\ '
<unknown>:134: SyntaxWarning: invalid escape sequence '\{'
<unknown>:135: SyntaxWarning: invalid escape sequence '\{'
<unknown>:135: SyntaxWarning: invalid escape sequence '\}'
<unknown>:136: SyntaxWarning: invalid escape sequence '\{'
<unknown>:273: SyntaxWarning: invalid escape sequence '\{'
<unknown>:274: SyntaxWarning: invalid escape sequence '\{'
<unknown>:274: SyntaxWarning: invalid escape sequence '\}'
<unknown>:275: SyntaxWarning: invalid escape sequence '\{'
{"commit": "56d208d35", "subject": "Keep paired fmt: skip comments on compound headers (#5401)", "run_all": "module-level change in tests/data/cases/fmtskip_paired_header.py, and no recorded test ran code that uses it", "tests": 558, "seconds": 70.06, "file_level_tests": 558, "file_level_seconds": 70.0591, "full_seconds": 70.06, "uncovered": ["src/black/comments.py::_handle_regular_fmt_block.stringify_standalone_comment", "src/black/comments.py::_remove_preceding_newline_for_comment"], "mutants": [{"file": "src/black/comments.py", "line": 452, "bug": "string changed", "verdict": "caught by picked tests", "first_failure_s": 7.66}, {"file": "src/black/comments.py", "line": 493, "bug": "and/or swapped", "verdict": "caught by picked tests", "first_failure_s": 7.77}, {"file": "src/black/comments.py", "line": 494, "bug": "comparison flipped to not in", "verdict": "caught by picked tests", "first_failure_s": 7.43}]}
{"commit": "8d5a2d9f4", "subject": "Fall back to the default configuration when sources share no project root (#5386)", "run_all": null, "tests": 172, "seconds": 5.4, "file_level_tests": 470, "file_level_seconds": 67.13, "full_seconds": 70.06, "uncovered": [], "mutants": [{"file": "src/black/files.py", "line": 116, "bug": "string changed", "verdict": "caught by picked tests", "first_failure_s": 1.94}, {"file": "src/black/__init__.py", "line": 809, "bug": "and/or swapped", "verdict": "caught by picked tests", "first_failure_s": 1.48}, {"file": "src/black/__init__.py", "line": 833, "bug": "comparison flipped to is not", "verdict": "caught by picked tests", "first_failure_s": 5.14}]}
<unknown>:163: SyntaxWarning: invalid escape sequence '\ '
<unknown>:169: SyntaxWarning: invalid escape sequence '\ '
<unknown>:174: SyntaxWarning: invalid escape sequence '\ '
<unknown>:179: SyntaxWarning: invalid escape sequence '\ '
<unknown>:226: SyntaxWarning: invalid escape sequence '\ '
<unknown>:391: SyntaxWarning: invalid escape sequence '\ '
<unknown>:397: SyntaxWarning: invalid escape sequence '\ '
<unknown>:402: SyntaxWarning: invalid escape sequence '\ '
<unknown>:408: SyntaxWarning: invalid escape sequence '\ '
<unknown>:455: SyntaxWarning: invalid escape sequence '\ '
<unknown>:108: SyntaxWarning: invalid escape sequence '\ '
<unknown>:114: SyntaxWarning: invalid escape sequence '\ '
<unknown>:119: SyntaxWarning: invalid escape sequence '\ '
<unknown>:234: SyntaxWarning: invalid escape sequence '\ '
<unknown>:240: SyntaxWarning: invalid escape sequence '\ '
<unknown>:245: SyntaxWarning: invalid escape sequence '\ '
<unknown>:134: SyntaxWarning: invalid escape sequence '\{'
<unknown>:135: SyntaxWarning: invalid escape sequence '\{'
<unknown>:135: SyntaxWarning: invalid escape sequence '\}'
<unknown>:136: SyntaxWarning: invalid escape sequence '\{'
<unknown>:273: SyntaxWarning: invalid escape sequence '\{'
<unknown>:274: SyntaxWarning: invalid escape sequence '\{'
<unknown>:274: SyntaxWarning: invalid escape sequence '\}'
<unknown>:275: SyntaxWarning: invalid escape sequence '\{'
{"commit": "ccb313069", "subject": "Fix crash on `# fmt: skip` one-line definitions with type parameters (#5429)", "run_all": "module-level change in tests/data/cases/fmtskip_type_params.py, and no recorded test ran code that uses it", "tests": 558, "seconds": 70.06, "file_level_tests": 558, "file_level_seconds": 70.0591, "full_seconds": 70.06, "uncovered": ["tests/data/cases/fmtskip_type_params.py::A.m", "tests/data/cases/fmtskip_type_params.py::f", "tests/data/cases/fmtskip_type_params.py::g", "tests/data/cases/fmtskip_type_params.py::h", "tests/data/cases/fmtskip_type_params.py::i", "tests/data/cases/fmtskip_type_params.py::j"], "mutants": [{"file": "src/black/comments.py", "line": 917, "bug": "comparison flipped to is not", "verdict": "caught by picked tests", "first_failure_s": 7.9}, {"file": "src/black/comments.py", "line": 915, "bug": "comparison flipped to <", "verdict": "caught by picked tests", "first_failure_s": 7.91}]}
<unknown>:163: SyntaxWarning: invalid escape sequence '\ '
<unknown>:169: SyntaxWarning: invalid escape sequence '\ '
<unknown>:174: SyntaxWarning: invalid escape sequence '\ '
<unknown>:179: SyntaxWarning: invalid escape sequence '\ '
<unknown>:226: SyntaxWarning: invalid escape sequence '\ '
<unknown>:391: SyntaxWarning: invalid escape sequence '\ '
<unknown>:397: SyntaxWarning: invalid escape sequence '\ '
<unknown>:402: SyntaxWarning: invalid escape sequence '\ '
<unknown>:408: SyntaxWarning: invalid escape sequence '\ '
<unknown>:455: SyntaxWarning: invalid escape sequence '\ '
<unknown>:108: SyntaxWarning: invalid escape sequence '\ '
<unknown>:114: SyntaxWarning: invalid escape sequence '\ '
<unknown>:119: SyntaxWarning: invalid escape sequence '\ '
<unknown>:234: SyntaxWarning: invalid escape sequence '\ '
<unknown>:240: SyntaxWarning: invalid escape sequence '\ '
<unknown>:245: SyntaxWarning: invalid escape sequence '\ '
<unknown>:134: SyntaxWarning: invalid escape sequence '\{'
<unknown>:135: SyntaxWarning: invalid escape sequence '\{'
<unknown>:135: SyntaxWarning: invalid escape sequence '\}'
<unknown>:136: SyntaxWarning: invalid escape sequence '\{'
<unknown>:273: SyntaxWarning: invalid escape sequence '\{'
<unknown>:274: SyntaxWarning: invalid escape sequence '\{'
<unknown>:274: SyntaxWarning: invalid escape sequence '\}'
<unknown>:275: SyntaxWarning: invalid escape sequence '\{'
{"commit": "d2291c387", "subject": "Preserve prefixes outside --line-ranges (#5175)", "run_all": null, "tests": 474, "seconds": 67.36, "file_level_tests": 508, "file_level_seconds": 67.17, "full_seconds": 70.06, "uncovered": ["src/black/__init__.py::_restore_unselected_trailing_blank_lines"], "mutants": [{"file": "src/black/linegen.py", "line": 153, "bug": "comparison flipped to !=", "verdict": "caught by picked tests", "first_failure_s": 7.71}, {"file": "src/black/__init__.py", "line": 1284, "bug": "boolean flipped", "verdict": "caught by picked tests", "first_failure_s": 7.4}, {"file": "src/black/__init__.py", "line": 1296, "bug": "returns None", "verdict": "caught by picked tests", "first_failure_s": 7.62}]}
<unknown>:163: SyntaxWarning: invalid escape sequence '\ '
<unknown>:169: SyntaxWarning: invalid escape sequence '\ '
<unknown>:174: SyntaxWarning: invalid escape sequence '\ '
<unknown>:179: SyntaxWarning: invalid escape sequence '\ '
<unknown>:226: SyntaxWarning: invalid escape sequence '\ '
<unknown>:391: SyntaxWarning: invalid escape sequence '\ '
<unknown>:397: SyntaxWarning: invalid escape sequence '\ '
<unknown>:402: SyntaxWarning: invalid escape sequence '\ '
<unknown>:408: SyntaxWarning: invalid escape sequence '\ '
<unknown>:455: SyntaxWarning: invalid escape sequence '\ '
<unknown>:108: SyntaxWarning: invalid escape sequence '\ '
<unknown>:114: SyntaxWarning: invalid escape sequence '\ '
<unknown>:119: SyntaxWarning: invalid escape sequence '\ '
<unknown>:234: SyntaxWarning: invalid escape sequence '\ '
<unknown>:240: SyntaxWarning: invalid escape sequence '\ '
<unknown>:245: SyntaxWarning: invalid escape sequence '\ '
<unknown>:134: SyntaxWarning: invalid escape sequence '\{'
<unknown>:135: SyntaxWarning: invalid escape sequence '\{'
<unknown>:135: SyntaxWarning: invalid escape sequence '\}'
<unknown>:136: SyntaxWarning: invalid escape sequence '\{'
<unknown>:273: SyntaxWarning: invalid escape sequence '\{'
<unknown>:274: SyntaxWarning: invalid escape sequence '\{'
<unknown>:274: SyntaxWarning: invalid escape sequence '\}'
<unknown>:275: SyntaxWarning: invalid escape sequence '\{'
{"commit": "debb3169c", "subject": "Initialize bracket_depth in Leaf and preserve it in clone (#5214) (#5414)", "run_all": null, "tests": 443, "seconds": 67.29, "file_level_tests": 362, "file_level_seconds": 66.59, "full_seconds": 70.06, "uncovered": [], "mutants": [{"file": "src/blib2to3/pytree.py", "line": 504, "bug": "number changed", "verdict": "no test catches it"}, {"file": "src/blib2to3/pytree.py", "line": 476, "bug": "number changed", "verdict": "no test catches it"}]}
<unknown>:163: SyntaxWarning: invalid escape sequence '\ '
<unknown>:169: SyntaxWarning: invalid escape sequence '\ '
<unknown>:174: SyntaxWarning: invalid escape sequence '\ '
<unknown>:179: SyntaxWarning: invalid escape sequence '\ '
<unknown>:226: SyntaxWarning: invalid escape sequence '\ '
<unknown>:391: SyntaxWarning: invalid escape sequence '\ '
<unknown>:397: SyntaxWarning: invalid escape sequence '\ '
<unknown>:402: SyntaxWarning: invalid escape sequence '\ '
<unknown>:408: SyntaxWarning: invalid escape sequence '\ '
<unknown>:455: SyntaxWarning: invalid escape sequence '\ '
<unknown>:108: SyntaxWarning: invalid escape sequence '\ '
<unknown>:114: SyntaxWarning: invalid escape sequence '\ '
<unknown>:119: SyntaxWarning: invalid escape sequence '\ '
<unknown>:234: SyntaxWarning: invalid escape sequence '\ '
<unknown>:240: SyntaxWarning: invalid escape sequence '\ '
<unknown>:245: SyntaxWarning: invalid escape sequence '\ '
<unknown>:134: SyntaxWarning: invalid escape sequence '\{'
<unknown>:135: SyntaxWarning: invalid escape sequence '\{'
<unknown>:135: SyntaxWarning: invalid escape sequence '\}'
<unknown>:136: SyntaxWarning: invalid escape sequence '\{'
<unknown>:273: SyntaxWarning: invalid escape sequence '\{'
<unknown>:274: SyntaxWarning: invalid escape sequence '\{'
<unknown>:274: SyntaxWarning: invalid escape sequence '\}'
<unknown>:275: SyntaxWarning: invalid escape sequence '\{'
{"commit": "6aaae16d2", "subject": "Fix unparseable output for `# fmt: skip` on compound header bracket (#5402) (#5405)", "run_all": null, "tests": 1, "seconds": 0.12, "file_level_tests": 344, "file_level_seconds": 66.25, "full_seconds": 70.06, "uncovered": ["tests/data/cases/fmtskip_header_bracket_5402.py::test_async"], "mutants": [{"file": "src/black/linegen.py", "line": 1628, "bug": "and/or swapped", "verdict": "caught by picked tests", "first_failure_s": 2.8}, {"file": "src/black/linegen.py", "line": 1631, "bug": "comparison flipped to !=", "verdict": "caught by picked tests", "first_failure_s": 2.23}]}
<unknown>:163: SyntaxWarning: invalid escape sequence '\ '
<unknown>:169: SyntaxWarning: invalid escape sequence '\ '
<unknown>:174: SyntaxWarning: invalid escape sequence '\ '
<unknown>:179: SyntaxWarning: invalid escape sequence '\ '
<unknown>:226: SyntaxWarning: invalid escape sequence '\ '
<unknown>:391: SyntaxWarning: invalid escape sequence '\ '
<unknown>:397: SyntaxWarning: invalid escape sequence '\ '
<unknown>:402: SyntaxWarning: invalid escape sequence '\ '
<unknown>:408: SyntaxWarning: invalid escape sequence '\ '
<unknown>:455: SyntaxWarning: invalid escape sequence '\ '
<unknown>:108: SyntaxWarning: invalid escape sequence '\ '
<unknown>:114: SyntaxWarning: invalid escape sequence '\ '
<unknown>:119: SyntaxWarning: invalid escape sequence '\ '
<unknown>:234: SyntaxWarning: invalid escape sequence '\ '
<unknown>:240: SyntaxWarning: invalid escape sequence '\ '
<unknown>:245: SyntaxWarning: invalid escape sequence '\ '
<unknown>:134: SyntaxWarning: invalid escape sequence '\{'
<unknown>:135: SyntaxWarning: invalid escape sequence '\{'
<unknown>:135: SyntaxWarning: invalid escape sequence '\}'
<unknown>:136: SyntaxWarning: invalid escape sequence '\{'
<unknown>:273: SyntaxWarning: invalid escape sequence '\{'
<unknown>:274: SyntaxWarning: invalid escape sequence '\{'
<unknown>:274: SyntaxWarning: invalid escape sequence '\}'
<unknown>:275: SyntaxWarning: invalid escape sequence '\{'
{"commit": "2b96e2806", "subject": "Keep a trailing comment on optional parentheses that contain own-line comments (#5395)", "run_all": null, "tests": 337, "seconds": 66.23, "file_level_tests": 344, "file_level_seconds": 66.25, "full_seconds": 70.06, "uncovered": ["tests/data/cases/trailing_comment_after_optional_parens.py::f"], "mutants": [{"file": "src/black/lines.py", "line": 427, "bug": "comparison flipped to <", "verdict": "caught by picked tests", "first_failure_s": 6.77}, {"file": "src/black/lines.py", "line": 428, "bug": "number changed", "verdict": "caught by picked tests", "first_failure_s": 18.46}]}
<unknown>:163: SyntaxWarning: invalid escape sequence '\ '
<unknown>:169: SyntaxWarning: invalid escape sequence '\ '
<unknown>:174: SyntaxWarning: invalid escape sequence '\ '
<unknown>:179: SyntaxWarning: invalid escape sequence '\ '
<unknown>:226: SyntaxWarning: invalid escape sequence '\ '
<unknown>:391: SyntaxWarning: invalid escape sequence '\ '
<unknown>:397: SyntaxWarning: invalid escape sequence '\ '
<unknown>:402: SyntaxWarning: invalid escape sequence '\ '
<unknown>:408: SyntaxWarning: invalid escape sequence '\ '
<unknown>:455: SyntaxWarning: invalid escape sequence '\ '
<unknown>:108: SyntaxWarning: invalid escape sequence '\ '
<unknown>:114: SyntaxWarning: invalid escape sequence '\ '
<unknown>:119: SyntaxWarning: invalid escape sequence '\ '
<unknown>:234: SyntaxWarning: invalid escape sequence '\ '
<unknown>:240: SyntaxWarning: invalid escape sequence '\ '
<unknown>:245: SyntaxWarning: invalid escape sequence '\ '
<unknown>:134: SyntaxWarning: invalid escape sequence '\{'
<unknown>:135: SyntaxWarning: invalid escape sequence '\{'
<unknown>:135: SyntaxWarning: invalid escape sequence '\}'
<unknown>:136: SyntaxWarning: invalid escape sequence '\{'
<unknown>:273: SyntaxWarning: invalid escape sequence '\{'
<unknown>:274: SyntaxWarning: invalid escape sequence '\{'
<unknown>:274: SyntaxWarning: invalid escape sequence '\}'
<unknown>:275: SyntaxWarning: invalid escape sequence '\{'
{"commit": "61cafcb87", "subject": "Remove unnecessary parentheses in unpacking targets (#3080) (#5416)", "run_all": null, "tests": 507, "seconds": 70.0, "file_level_tests": 368, "file_level_seconds": 66.62, "full_seconds": 70.06, "uncovered": ["src/black/linegen.py::_normalize_unpacking_targets"], "mutants": [{"file": "src/black/linegen.py", "line": 1741, "bug": "number changed", "verdict": "caught by picked tests", "first_failure_s": 8.2}, {"file": "src/black/linegen.py", "line": 1739, "bug": "number changed", "verdict": "no test catches it"}, {"file": "src/black/linegen.py", "line": 1756, "bug": "number changed", "verdict": "caught by picked tests", "first_failure_s": 7.88}]}
<unknown>:163: SyntaxWarning: invalid escape sequence '\ '
<unknown>:169: SyntaxWarning: invalid escape sequence '\ '
<unknown>:174: SyntaxWarning: invalid escape sequence '\ '
<unknown>:179: SyntaxWarning: invalid escape sequence '\ '
<unknown>:226: SyntaxWarning: invalid escape sequence '\ '
<unknown>:391: SyntaxWarning: invalid escape sequence '\ '
<unknown>:397: SyntaxWarning: invalid escape sequence '\ '
<unknown>:402: SyntaxWarning: invalid escape sequence '\ '
<unknown>:408: SyntaxWarning: invalid escape sequence '\ '
<unknown>:455: SyntaxWarning: invalid escape sequence '\ '
<unknown>:108: SyntaxWarning: invalid escape sequence '\ '
<unknown>:114: SyntaxWarning: invalid escape sequence '\ '
<unknown>:119: SyntaxWarning: invalid escape sequence '\ '
<unknown>:234: SyntaxWarning: invalid escape sequence '\ '
<unknown>:240: SyntaxWarning: invalid escape sequence '\ '
<unknown>:245: SyntaxWarning: invalid escape sequence '\ '
<unknown>:134: SyntaxWarning: invalid escape sequence '\{'
<unknown>:135: SyntaxWarning: invalid escape sequence '\{'
<unknown>:135: SyntaxWarning: invalid escape sequence '\}'
<unknown>:136: SyntaxWarning: invalid escape sequence '\{'
<unknown>:273: SyntaxWarning: invalid escape sequence '\{'
<unknown>:274: SyntaxWarning: invalid escape sequence '\{'
<unknown>:274: SyntaxWarning: invalid escape sequence '\}'
<unknown>:275: SyntaxWarning: invalid escape sequence '\{'
{"commit": "5f4516d26", "subject": "Fix crash on `# fmt: skip` in a decorated function group in stubs (#5430)", "run_all": null, "tests": 3, "seconds": 2.75, "file_level_tests": 344, "file_level_seconds": 66.25, "full_seconds": 70.06, "uncovered": ["tests/data/cases/pyi_overload_groups_fmt_skip.py::C.m", "tests/data/cases/pyi_overload_groups_fmt_skip.py::C.x", "tests/data/cases/pyi_overload_groups_fmt_skip.py::f", "tests/data/cases/pyi_overload_groups_fmt_skip.py::g"], "mutants": [{"file": "src/black/lines.py", "line": 609, "bug": "comparison flipped to >=", "verdict": "caught by picked tests", "first_failure_s": 3.24}, {"file": "src/black/lines.py", "line": 610, "bug": "returns None", "verdict": "no test catches it"}]}
<unknown>:163: SyntaxWarning: invalid escape sequence '\ '
<unknown>:169: SyntaxWarning: invalid escape sequence '\ '
<unknown>:174: SyntaxWarning: invalid escape sequence '\ '
<unknown>:179: SyntaxWarning: invalid escape sequence '\ '
<unknown>:226: SyntaxWarning: invalid escape sequence '\ '
<unknown>:391: SyntaxWarning: invalid escape sequence '\ '
<unknown>:397: SyntaxWarning: invalid escape sequence '\ '
<unknown>:402: SyntaxWarning: invalid escape sequence '\ '
<unknown>:408: SyntaxWarning: invalid escape sequence '\ '
<unknown>:455: SyntaxWarning: invalid escape sequence '\ '
<unknown>:108: SyntaxWarning: invalid escape sequence '\ '
<unknown>:114: SyntaxWarning: invalid escape sequence '\ '
<unknown>:119: SyntaxWarning: invalid escape sequence '\ '
<unknown>:234: SyntaxWarning: invalid escape sequence '\ '
<unknown>:240: SyntaxWarning: invalid escape sequence '\ '
<unknown>:245: SyntaxWarning: invalid escape sequence '\ '
<unknown>:134: SyntaxWarning: invalid escape sequence '\{'
<unknown>:135: SyntaxWarning: invalid escape sequence '\{'
<unknown>:135: SyntaxWarning: invalid escape sequence '\}'
<unknown>:136: SyntaxWarning: invalid escape sequence '\{'
<unknown>:273: SyntaxWarning: invalid escape sequence '\{'
<unknown>:274: SyntaxWarning: invalid escape sequence '\{'
<unknown>:274: SyntaxWarning: invalid escape sequence '\}'
<unknown>:275: SyntaxWarning: invalid escape sequence '\{'
{"commit": "56d208d35", "subject": "Keep paired fmt: skip comments on compound headers (#5401)", "run_all": null, "tests": 35, "seconds": 3.6, "file_level_tests": 344, "file_level_seconds": 66.25, "full_seconds": 70.06, "uncovered": ["src/black/comments.py::_handle_regular_fmt_block.stringify_standalone_comment", "src/black/comments.py::_remove_preceding_newline_for_comment"], "mutants": [{"file": "src/black/comments.py", "line": 452, "bug": "string changed", "verdict": "caught by picked tests", "first_failure_s": 2.45}, {"file": "src/black/comments.py", "line": 493, "bug": "and/or swapped", "verdict": "caught by picked tests", "first_failure_s": 2.28}, {"file": "src/black/comments.py", "line": 494, "bug": "comparison flipped to not in", "verdict": "caught by picked tests", "first_failure_s": 2.4}]}
<unknown>:163: SyntaxWarning: invalid escape sequence '\ '
<unknown>:169: SyntaxWarning: invalid escape sequence '\ '
<unknown>:174: SyntaxWarning: invalid escape sequence '\ '
<unknown>:179: SyntaxWarning: invalid escape sequence '\ '
<unknown>:226: SyntaxWarning: invalid escape sequence '\ '
<unknown>:391: SyntaxWarning: invalid escape sequence '\ '
<unknown>:397: SyntaxWarning: invalid escape sequence '\ '
<unknown>:402: SyntaxWarning: invalid escape sequence '\ '
<unknown>:408: SyntaxWarning: invalid escape sequence '\ '
<unknown>:455: SyntaxWarning: invalid escape sequence '\ '
<unknown>:108: SyntaxWarning: invalid escape sequence '\ '
<unknown>:114: SyntaxWarning: invalid escape sequence '\ '
<unknown>:119: SyntaxWarning: invalid escape sequence '\ '
<unknown>:234: SyntaxWarning: invalid escape sequence '\ '
<unknown>:240: SyntaxWarning: invalid escape sequence '\ '
<unknown>:245: SyntaxWarning: invalid escape sequence '\ '
<unknown>:134: SyntaxWarning: invalid escape sequence '\{'
<unknown>:135: SyntaxWarning: invalid escape sequence '\{'
<unknown>:135: SyntaxWarning: invalid escape sequence '\}'
<unknown>:136: SyntaxWarning: invalid escape sequence '\{'
<unknown>:273: SyntaxWarning: invalid escape sequence '\{'
<unknown>:274: SyntaxWarning: invalid escape sequence '\{'
<unknown>:274: SyntaxWarning: invalid escape sequence '\}'
<unknown>:275: SyntaxWarning: invalid escape sequence '\{'
{"commit": "ccb313069", "subject": "Fix crash on `# fmt: skip` one-line definitions with type parameters (#5429)", "run_all": null, "tests": 22, "seconds": 2.52, "file_level_tests": 344, "file_level_seconds": 66.25, "full_seconds": 70.06, "uncovered": ["tests/data/cases/fmtskip_type_params.py::A.m", "tests/data/cases/fmtskip_type_params.py::f", "tests/data/cases/fmtskip_type_params.py::g", "tests/data/cases/fmtskip_type_params.py::h", "tests/data/cases/fmtskip_type_params.py::i", "tests/data/cases/fmtskip_type_params.py::j"], "mutants": [{"file": "src/black/comments.py", "line": 917, "bug": "comparison flipped to is not", "verdict": "caught by picked tests", "first_failure_s": 2.94}, {"file": "src/black/comments.py", "line": 915, "bug": "comparison flipped to <", "verdict": "caught by picked tests", "first_failure_s": 2.97}]}
